// Jest Snapshot v1, https://goo.gl/fbAQLP

exports[`<Button/> shold match Snapshot 1`] = `
<div>
  <button
    class="button"
  >
    Load More
  </button>
</div>
`;
